// Jest Snapshot v1, https://goo.gl/fbAQLP

exports[`List Renders Same as Prior Test 1`] = `
initialize {
  "0": Object {
    "attribs": Object {
      "style": "flex:1",
    },
    "children": Array [
      Object {
        "attribs": Object {
          "style": "margin:15px",
        },
        "children": Array [
          Object {
            "data": "Grocery List",
            "next": null,
            "parent": [Circular],
            "prev": null,
            "type": "text",
          },
        ],
        "name": "text",
        "namespace": "http://www.w3.org/1999/xhtml",
        "next": Object {
          "attribs": Object {
            "data": "",
            "initialnumtorender": "10",
            "maxtorenderperbatch": "10",
            "scrolleventthrottle": "50",
            "stickyheaderindices": "",
            "updatecellsbatchingperiod": "50",
            "viewabilityconfigcallbackpairs": "",
            "windowsize": "21",
          },
          "children": Array [
            Object {
              "attribs": Object {},
              "children": Array [],
              "name": "view",
              "namespace": "http://www.w3.org/1999/xhtml",
              "next": null,
              "parent": [Circular],
              "prev": null,
              "type": "tag",
              "x-attribsNamespace": Object {},
              "x-attribsPrefix": Object {},
            },
          ],
          "name": "rctscrollview",
          "namespace": "http://www.w3.org/1999/xhtml",
          "next": null,
          "parent": [Circular],
          "prev": [Circular],
          "type": "tag",
          "x-attribsNamespace": Object {
            "data": undefined,
            "initialnumtorender": undefined,
            "maxtorenderperbatch": undefined,
            "scrolleventthrottle": undefined,
            "stickyheaderindices": undefined,
            "updatecellsbatchingperiod": undefined,
            "viewabilityconfigcallbackpairs": undefined,
            "windowsize": undefined,
          },
          "x-attribsPrefix": Object {
            "data": undefined,
            "initialnumtorender": undefined,
            "maxtorenderperbatch": undefined,
            "scrolleventthrottle": undefined,
            "stickyheaderindices": undefined,
            "updatecellsbatchingperiod": undefined,
            "viewabilityconfigcallbackpairs": undefined,
            "windowsize": undefined,
          },
        },
        "parent": [Circular],
        "prev": null,
        "type": "tag",
        "x-attribsNamespace": Object {
          "style": undefined,
        },
        "x-attribsPrefix": Object {
          "style": undefined,
        },
      },
      Object {
        "attribs": Object {
          "data": "",
          "initialnumtorender": "10",
          "maxtorenderperbatch": "10",
          "scrolleventthrottle": "50",
          "stickyheaderindices": "",
          "updatecellsbatchingperiod": "50",
          "viewabilityconfigcallbackpairs": "",
          "windowsize": "21",
        },
        "children": Array [
          Object {
            "attribs": Object {},
            "children": Array [],
            "name": "view",
            "namespace": "http://www.w3.org/1999/xhtml",
            "next": null,
            "parent": [Circular],
            "prev": null,
            "type": "tag",
            "x-attribsNamespace": Object {},
            "x-attribsPrefix": Object {},
          },
        ],
        "name": "rctscrollview",
        "namespace": "http://www.w3.org/1999/xhtml",
        "next": null,
        "parent": [Circular],
        "prev": Object {
          "attribs": Object {
            "style": "margin:15px",
          },
          "children": Array [
            Object {
              "data": "Grocery List",
              "next": null,
              "parent": [Circular],
              "prev": null,
              "type": "text",
            },
          ],
          "name": "text",
          "namespace": "http://www.w3.org/1999/xhtml",
          "next": [Circular],
          "parent": [Circular],
          "prev": null,
          "type": "tag",
          "x-attribsNamespace": Object {
            "style": undefined,
          },
          "x-attribsPrefix": Object {
            "style": undefined,
          },
        },
        "type": "tag",
        "x-attribsNamespace": Object {
          "data": undefined,
          "initialnumtorender": undefined,
          "maxtorenderperbatch": undefined,
          "scrolleventthrottle": undefined,
          "stickyheaderindices": undefined,
          "updatecellsbatchingperiod": undefined,
          "viewabilityconfigcallbackpairs": undefined,
          "windowsize": undefined,
        },
        "x-attribsPrefix": Object {
          "data": undefined,
          "initialnumtorender": undefined,
          "maxtorenderperbatch": undefined,
          "scrolleventthrottle": undefined,
          "stickyheaderindices": undefined,
          "updatecellsbatchingperiod": undefined,
          "viewabilityconfigcallbackpairs": undefined,
          "windowsize": undefined,
        },
      },
    ],
    "name": "view",
    "namespace": "http://www.w3.org/1999/xhtml",
    "next": null,
    "parent": null,
    "prev": null,
    "root": Object {
      "attribs": Object {},
      "children": Array [
        [Circular],
      ],
      "name": "root",
      "namespace": "http://www.w3.org/1999/xhtml",
      "next": null,
      "parent": null,
      "prev": null,
      "type": "root",
      "x-attribsNamespace": Object {},
      "x-attribsPrefix": Object {},
    },
    "type": "tag",
    "x-attribsNamespace": Object {
      "style": undefined,
    },
    "x-attribsPrefix": Object {
      "style": undefined,
    },
  },
  "_root": [Circular],
  "length": 1,
  "options": Object {
    "decodeEntities": true,
    "normalizeWhitespace": false,
    "withDomLvl1": true,
    "xml": false,
  },
}
`;
